src/app/App.tsx(1,8): error TS6133: 'React' is declared but its value is never read.
src/app/components/AboutView.tsx(1,1): error TS6133: 'React' is declared but its value is never read.
src/app/components/ArticlesSection.tsx(1,1): error TS6133: 'React' is declared but its value is never read.
src/app/components/ArticlesView.tsx(1,1): error TS6133: 'React' is declared but its value is never read.
src/app/components/AudioPlayer.tsx(1,1): error TS6133: 'React' is declared but its value is never read.
src/app/components/EpisodeGrid.tsx(1,1): error TS6133: 'React' is declared but its value is never read.
src/app/components/EpisodesView.tsx(1,1): error TS6133: 'React' is declared but its value is never read.
src/app/components/EpisodesView.tsx(2,24): error TS6133: 'Filter' is declared but its value is never read.
src/app/components/FeaturedEpisode.tsx(1,1): error TS6133: 'React' is declared but its value is never read.
src/app/components/Footer.tsx(1,1): error TS6133: 'React' is declared but its value is never read.
src/app/components/Hero.tsx(1,1): error TS6133: 'React' is declared but its value is never read.
src/app/components/HomeView.tsx(1,1): error TS6133: 'React' is declared but its value is never read.
src/app/components/HomeView.tsx(4,25): error TS2307: Cannot find module 'figma:asset/46d1be35a15241b86f79a1da4d3b188211996a41.png' or its corresponding type declarations.
src/app/components/Navbar.tsx(1,1): error TS6133: 'React' is declared but its value is never read.
src/app/components/Newsletter.tsx(1,1): error TS6133: 'React' is declared but its value is never read.
src/main.tsx(2,30): error TS7016: Could not find a declaration file for module 'react-dom/client'. 'C:/Users/JULIENT/OneDrive/Desktop/PROJECTS/bestweb/node_modules/react-dom/client.js' implicitly has an 'any' type.
  Try `npm i --save-dev @types/react-dom` if it exists or add a new declaration (.d.ts) file containing `declare module 'react-dom/client';`
